{
  "definitions": ["[umgangssprachlich] ...\n1. drückt Einverständnis, Zustimmung aus\n2. drückt Nachdenklichkeit aus"],
  "exists": true
}
