{
  "definitions": [
    "gibt an, dass ein Ort, eine Person Ausgangspunkt einer Bewegung oder eines Vorgangs ist, der einer Bewegung ähnelt",
    "drückt den Vorgang des Entfernens, den Zustand des Getrenntseins von etw., jmdm. aus",
    "gibt an, dass ein Ort, eine Person Anfangspunkt einer räumlichen Erstreckung, Bezugspunkt für die Kennzeichnung einer Entfernung oder eines Lageverhältnisses ist",
    "gibt die Herkunft, den Ursprung an",
    "gibt das Mittel an",
    "mit",
    "gibt den Bereich an, für den eine Aussage gilt",
    "was … betrifft, hinsichtlich",
    "gibt bei Aussagen über bestimmte Eigenschaften, Verhaltensweisen die Person an, für die die Aussage gilt",
    "gibt den Gegenstand, Inhalt an",
    "über"
  ],
  "exists": true
}
