{
  "definitions": [
    "⟨ho, ho!⟩, ⟨ho, ho, ho!⟩, ⟨ho, ho, ho, ho!⟩ imitiert ein Lachen mit tiefer, maskuliner Stimme oder auch ein spöttisches, höhnisches oder triumphierendes Lachen",
    "⟨ho!⟩, ⟨ho, ho!⟩\na) drückt Protest, Zweifel oder Abwehr aus\nb) drückt Überraschung, Begeisterung oder Freude aus",
    "[umgangssprachlich] Zuruf, um jmdn. auf sich aufmerksam zu machen; auch zur Begrüßung verwendet",
    "Zuruf vor allem an Reittiere und Zugtiere\na) verwendet, um das Tier zu beruhigen, zu loben und aufzufordern, langsamer zu werden, stehen zu bleiben\nb) Zuruf, der das Tier antreiben soll"
  ],
  "exists": true
}
