{
  "definitions": ["drückt Überraschung aus"],
  "exists": true
}
