{
  "definitions": ["a member of an American Indian people originally of Kansas and Nebraska"],
  "exists": true
}
