{
  "definitions": [
    "oersted",
    "Kenzaburo 1935â€“ Japanese writer"
  ],
  "exists": true
}
