{
  "definitions": [
    "an emotion variously combining dread, veneration, and wonder that is inspired by authority or by the sacred or sublime",
    "dread, terror",
    "the power to inspire dread",
    "to inspire or fill with awe"
  ],
  "exists": true
}
