{
  "definitions": ["a person who is very good at something, wizard"],
  "exists": true
}
