{
  "definitions": [
    "variant of paean",
    "a heraldic fur consisting of ermine spots of gold on a black field",
    "of the heraldic fur pean",
    "variant spelling of peen"
  ],
  "exists": true
}
