{
  "definitions": [
    "Cepo de madera que se fijaba al pie de un hombre o un animal para impedirle andar.",
    "Molestia o impedimento para obrar con libertad."
  ],
  "exists": true
}
