{
  "definitions": [
    "Se aplica al ladrillo que no está bastante cocido.",
    "Persona que guarda la portería en las casas de vecinos.",
    "Funcionario subalterno que se encarga de la vigilancia, limpieza o servicios auxiliares en oficinas públicas.",
    "Jugador que en algunos deportes defiende la portería."
  ],
  "exists": true
}
