{
  "definitions": [
    "A-și găsi refugiu, a se stabili (vremelnic), a se pune la adăpost undeva sau pe lângă cineva; a se pripăși, a se oploși, a se aciola, a se agesti.",
    "A se odihni, a se culca."
  ],
  "exists": true
}
