{
  "definitions": ["Mant覺kla ilgili", "mant覺kl覺", "mant覺k"],
  "exists": true
}
